// Jest Snapshot v1, https://goo.gl/fbAQLP

exports[`Layout Unit Tests should render layout correctly 1`] = `
<DocumentFragment>
  <div
    class="MuiContainer-root MuiContainer-maxWidthLg css-mdbk7v-MuiContainer-root"
  >
    <div>
      Test
    </div>
  </div>
</DocumentFragment>
`;
